jquery-migrate.min.js?ver=3.4.1:2 JQMIGRATE: Migrate is installed, version 3.4.1
checkout/:3237 [VD Perf] Checkout performance monitoring active
checkout/:1 [DOM] Found 2 elements with non-unique id #woocommerce-login-nonce: (More info: https://goo.gl/9p2vKq) <input type=​"hidden" id=​"woocommerce-login-nonce" name=​"woocommerce-login-nonce" value=​"2517c7e706" wfd-id=​"id67">​ <input type=​"hidden" id=​"woocommerce-login-nonce" name=​"woocommerce-login-nonce" value=​"2517c7e706" wfd-id=​"id6">​
checkout/:2062 Custom checkout script loaded
checkout/:184  GET https://vidieu.vn/wp-content/uploads/elementor/google-fonts/css/jost.css?ver=1754294088 net::ERR_ABORTED 404 (Not Found)
The resource <URL> was preloaded using link preload but not used within a few seconds from the window's load event. Please make sure it has an appropriate `as` value and it is preloaded intentionally.
The resource <URL> was preloaded using link preload but not used within a few seconds from the window's load event. Please make sure it has an appropriate `as` value and it is preloaded intentionally.
The resource <URL> was preloaded using link preload but not used within a few seconds from the window's load event. Please make sure it has an appropriate `as` value and it is preloaded intentionally.
The resource <URL> was preloaded using link preload but not used within a few seconds from the window's load event. Please make sure it has an appropriate `as` value and it is preloaded intentionally.
The resource <URL> was preloaded using link preload but not used within a few seconds from the window's load event. Please make sure it has an appropriate `as` value and it is preloaded intentionally.
The resource <URL> was preloaded using link preload but not used within a few seconds from the window's load event. Please make sure it has an appropriate `as` value and it is preloaded intentionally.
The resource <URL> was preloaded using link preload but not used within a few seconds from the window's load event. Please make sure it has an appropriate `as` value and it is preloaded intentionally.
The resource <URL> was preloaded using link preload but not used within a few seconds from the window's load event. Please make sure it has an appropriate `as` value and it is preloaded intentionally.
The resource <URL> was preloaded using link preload but not used within a few seconds from the window's load event. Please make sure it has an appropriate `as` value and it is preloaded intentionally.
The resource <URL> was preloaded using link preload but not used within a few seconds from the window's load event. Please make sure it has an appropriate `as` value and it is preloaded intentionally.
The resource <URL> was preloaded using link preload but not used within a few seconds from the window's load event. Please make sure it has an appropriate `as` value and it is preloaded intentionally.
The resource <URL> was preloaded using link preload but not used within a few seconds from the window's load event. Please make sure it has an appropriate `as` value and it is preloaded intentionally.
checkout/:2106 Custom checkout triggered
checkout/:2107 Button visible? true
checkout/:2108 Button display: block
checkout/:2109 Container visible? true
checkout/:2132 Form values: {email: 'vidieu.amz@gmail.com', firstName: 'pham', lastName: 'duy', phone: '0999999999', orderComments: ''}
checkout/:2188 Sending custom AJAX request
checkout/:3213 [VD Perf] Checkout AJAX started
deprecated.min.js?ver=e1f84915c5e8ae38964c:2 clearAllValidationErrors is deprecated and will be removed from WooCommerce Blocks in version 9.0.0. Please use clearValidationErrors instead. See: https://github.com/woocommerce/woocommerce-blocks/pull/7601 Note: Calling `clearValidationErrors` with no arguments will clear all validation errors.
i @ deprecated.min.js?ver=e1f84915c5e8ae38964c:2
zs @ wc-blocks-data.js?ver=d0ad299087b6ae74378b:5
(anonymous) @ data.min.js?ver=fe6c4835cd00e12493c3:2
(anonymous) @ woocommerce-block-checkout-force-submit.js?ver=1.0.0:42
setTimeout
(anonymous) @ woocommerce-block-checkout-force-submit.js?ver=1.0.0:37
checkout/:2334 === PERIODIC CHECK - BUTTON DISABLED ===
checkout/:2335 Button disabled prop: true
checkout/:2336 Button aria-disabled: undefined
checkout/:2337 Button cursor: pointer
checkout/:2361 Button fixed - enabled and text restored
checkout/:2213 AJAX response: {success: false, data: {…}}
checkout/:2218 Checkout failed: {messages: 'Email is required<br>First name is required<br>Last name is required<br>Phone is required', reload: false}
success @ checkout/:2218
c @ jquery.min.js?ver=3.7.1:2
fireWith @ jquery.min.js?ver=3.7.1:2
l @ jquery.min.js?ver=3.7.1:2
(anonymous) @ jquery.min.js?ver=3.7.1:2
XMLHttpRequest.send
xhrSendProcessor @ main.js?attr=Wa5Xxj1ckbKZDx_tn_hD4Omd4bEZh7v9klwsVGS3nPmPBqB7qBGPKXWDn6d1sIEV:5016
send @ main.js?attr=Wa5Xxj1ckbKZDx_tn_hD4Omd4bEZh7v9klwsVGS3nPmPBqB7qBGPKXWDn6d1sIEV:5026
send @ jquery.min.js?ver=3.7.1:2
ajax @ jquery.min.js?ver=3.7.1:2
(anonymous) @ jquery-migrate.min.js?ver=3.4.1:2
e.<computed> @ jquery-migrate.min.js?ver=3.4.1:2
(anonymous) @ checkout/:2201
dispatch @ jquery.min.js?ver=3.7.1:2
v.handle @ jquery.min.js?ver=3.7.1:2
checkout/:3225 [VD Perf] Checkout AJAX completed in 7936ms
